﻿
> fic-employeeportal@1.0.1 build
> vite build

[36mvite v7.3.1 [32mbuilding client environment for production...[36m[39m
transforming...
[32mΓ£ô[39m 3989 modules transformed.
node.exe : [31mΓ£ù[39m 
Build failed in 9.27s
At line:1 char:1
+ & "C:\Program 
Files\nodejs/node.exe" "C
:\Users\agila\AppData\Roa
ming\ ...
+ ~~~~~~~~~~~~~~~~~~~~~~~
~~~~~~~~~~~~~~~~~~~~~~~~~
~~~~~~~~~~~~~~~~~~~~~
    + CategoryInfo       
       : NotSpe    
cified: ([31mΓ£    
ù[39m Build fai    led 
in 9.27s:Str    ing) [], 
RemoteE    xception
    + FullyQualified    
ErrorId : Native    
CommandError
 
[31merror during build:
[31msrc/api/messageServi
ce.ts (1:9): "apiClient" 
is not exported by 
"src/api/apiClient.ts", 
imported by "src/api/mess
ageService.ts".[31m
file: [36mC:/Users/agila
/OneDrive/Documents/Agila
/FIC-IT/FIC-Employee-port
al/fic-employeeportal/fro
ntend/src/api/messageServ
ice.ts:1:9[31m
[33m
1: import { apiClient, 
handleResponse } from 
'./apiClient';
            ^
2: 
3: export const 
messageService = {
[31m
    at getRollupError (fi
le:///C:/Users/agila/OneD
rive/Documents/Agila/FIC-
IT/FIC-Employee-portal/fi
c-employeeportal/node_mod
ules/rollup/dist/es/share
d/parseAst.js:402:41)
    at error (file:///C:/
Users/agila/OneDrive/Docu
ments/Agila/FIC-IT/FIC-Em
ployee-portal/fic-employe
eportal/node_modules/roll
up/dist/es/shared/parseAs
t.js:398:42)
    at Module.error (file
:///C:/Users/agila/OneDri
ve/Documents/Agila/FIC-IT
/FIC-Employee-portal/fic-
employeeportal/node_modul
es/rollup/dist/es/shared/
node-entry.js:17040:16)
    at 
Module.traceVariable (fil
e:///C:/Users/agila/OneDr
ive/Documents/Agila/FIC-I
T/FIC-Employee-portal/fic
-employeeportal/node_modu
les/rollup/dist/es/shared
/node-entry.js:17452:29)
    at 
ModuleScope.findVariable 
(file:///C:/Users/agila/O
neDrive/Documents/Agila/F
IC-IT/FIC-Employee-portal
/fic-employeeportal/node_
modules/rollup/dist/es/sh
ared/node-entry.js:15070:
39)
    at ReturnValueScope.f
indVariable (file:///C:/U
sers/agila/OneDrive/Docum
ents/Agila/FIC-IT/FIC-Emp
loyee-portal/fic-employee
portal/node_modules/rollu
p/dist/es/shared/node-ent
ry.js:5673:38)
    at FunctionBodyScope.
findVariable (file:///C:/
Users/agila/OneDrive/Docu
ments/Agila/FIC-IT/FIC-Em
ployee-portal/fic-employe
eportal/node_modules/roll
up/dist/es/shared/node-en
try.js:5673:38)
    at 
MemberExpression.bind (fi
le:///C:/Users/agila/OneD
rive/Documents/Agila/FIC-
IT/FIC-Employee-portal/fi
c-employeeportal/node_mod
ules/rollup/dist/es/share
d/node-entry.js:7392:49)
    at 
CallExpression.bind (file
:///C:/Users/agila/OneDri
ve/Documents/Agila/FIC-IT
/FIC-Employee-portal/fic-
employeeportal/node_modul
es/rollup/dist/es/shared/
node-entry.js:2829:23)
    at 
CallExpression.bind (file
:///C:/Users/agila/OneDri
ve/Documents/Agila/FIC-IT
/FIC-Employee-portal/fic-
employeeportal/node_modul
es/rollup/dist/es/shared/
node-entry.js:12179:15)[
39m
npm error Lifecycle 
script `build` failed 
with error:
npm error code 1
npm error path C:\Users\a
gila\OneDrive\Documents\A
gila\FIC-IT\FIC-Employee-
portal\fic-employeeportal
\frontend
npm error workspace 
fic-employeeportal@1.0.1
npm error location C:\Use
rs\agila\OneDrive\Documen
ts\Agila\FIC-IT\FIC-Emplo
yee-portal\fic-employeepo
rtal\frontend
npm error command failed
npm error command C:\WIND
OWS\system32\cmd.exe /d 
/s /c vite build
