src/components/attendance/EmployeeAttendanceExport.tsx(52,82): error TS2554: Expected 1 arguments, but got 3.
src/components/attendance/EmployeeAttendanceExport.tsx(270,29): error TS2322: Type '{ as: true; CalendarIcon: true; className: string; }' is not assignable to type 'IntrinsicAttributes & (DayPickerDefaultProps | DayPickerSingleProps | DayPickerMultipleProps | DayPickerRangeProps)'.
  Property 'as' does not exist on type 'IntrinsicAttributes & (DayPickerDefaultProps | DayPickerSingleProps | DayPickerMultipleProps | DayPickerRangeProps)'.
src/components/attendance/EmployeeAttendanceExport.tsx(292,29): error TS2322: Type '{ as: true; CalendarIcon: true; className: string; }' is not assignable to type 'IntrinsicAttributes & (DayPickerDefaultProps | DayPickerSingleProps | DayPickerMultipleProps | DayPickerRangeProps)'.
  Property 'as' does not exist on type 'IntrinsicAttributes & (DayPickerDefaultProps | DayPickerSingleProps | DayPickerMultipleProps | DayPickerRangeProps)'.
src/components/chat/ChatWindow.tsx(46,39): error TS2503: Cannot find namespace 'NodeJS'.
src/components/leads/LeadsTable.tsx(496,129): error TS18047: 'lead.created_by' is possibly 'null'.
src/components/leave/AdminLeaveRequests.tsx(115,16): error TS2304: Cannot find name 'Calendar'.
src/components/leave/LeaveRequestForm.tsx(35,21): error TS2322: Type '{ as: true; CalendarIcon: true; className: string; }' is not assignable to type 'IntrinsicAttributes & (DayPickerDefaultProps | DayPickerSingleProps | DayPickerMultipleProps | DayPickerRangeProps)'.
  Property 'as' does not exist on type 'IntrinsicAttributes & (DayPickerDefaultProps | DayPickerSingleProps | DayPickerMultipleProps | DayPickerRangeProps)'.
src/components/leave/LeaveRequestForm.tsx(52,29): error TS2322: Type '{ as: true; CalendarIcon: true; className: string; }' is not assignable to type 'IntrinsicAttributes & (DayPickerDefaultProps | DayPickerSingleProps | DayPickerMultipleProps | DayPickerRangeProps)'.
  Property 'as' does not exist on type 'IntrinsicAttributes & (DayPickerDefaultProps | DayPickerSingleProps | DayPickerMultipleProps | DayPickerRangeProps)'.
src/components/leave/LeaveRequestsList.tsx(41,12): error TS2304: Cannot find name 'Calendar'.
src/hooks/useAttendance.ts(68,51): error TS2339: Property 'getAttendance' does not exist on type '{ getAttendanceForDateRange: (filters: any) => Promise<any>; }'.
src/hooks/useAttendance.ts(78,46): error TS2339: Property 'getMyAttendance' does not exist on type '{ getAttendanceForDateRange: (filters: any) => Promise<any>; }'.
src/hooks/useAttendance.ts(173,31): error TS2339: Property 'markAttendance' does not exist on type '{ getAttendanceForDateRange: (filters: any) => Promise<any>; }'.
src/hooks/useAttendance.ts(224,46): error TS2339: Property 'checkOut' does not exist on type '{ getAttendanceForDateRange: (filters: any) => Promise<any>; }'.
src/hooks/useAttendance.ts(252,31): error TS2339: Property 'updateAttendance' does not exist on type '{ getAttendanceForDateRange: (filters: any) => Promise<any>; }'.
src/hooks/useAttendance.ts(268,31): error TS2339: Property 'markAttendance' does not exist on type '{ getAttendanceForDateRange: (filters: any) => Promise<any>; }'.
src/pages/admin/AdminMyExpenses.tsx(277,35): error TS2322: Type '{ as: true; CalendarIcon: true; className: string; }' is not assignable to type 'IntrinsicAttributes & (DayPickerDefaultProps | DayPickerSingleProps | DayPickerMultipleProps | DayPickerRangeProps)'.
  Property 'as' does not exist on type 'IntrinsicAttributes & (DayPickerDefaultProps | DayPickerSingleProps | DayPickerMultipleProps | DayPickerRangeProps)'.
src/pages/admin/AdminMyExpenses.tsx(353,35): error TS2322: Type '{ as: true; CalendarIcon: true; className: string; }' is not assignable to type 'IntrinsicAttributes & (DayPickerDefaultProps | DayPickerSingleProps | DayPickerMultipleProps | DayPickerRangeProps)'.
  Property 'as' does not exist on type 'IntrinsicAttributes & (DayPickerDefaultProps | DayPickerSingleProps | DayPickerMultipleProps | DayPickerRangeProps)'.
src/pages/employee/EmployeeExpenses.tsx(338,39): error TS2322: Type '{ as: true; CalendarIcon: true; className: string; }' is not assignable to type 'IntrinsicAttributes & (DayPickerDefaultProps | DayPickerSingleProps | DayPickerMultipleProps | DayPickerRangeProps)'.
  Property 'as' does not exist on type 'IntrinsicAttributes & (DayPickerDefaultProps | DayPickerSingleProps | DayPickerMultipleProps | DayPickerRangeProps)'.
src/pages/employee/EmployeeExpenses.tsx(441,39): error TS2322: Type '{ as: true; CalendarIcon: true; className: string; }' is not assignable to type 'IntrinsicAttributes & (DayPickerDefaultProps | DayPickerSingleProps | DayPickerMultipleProps | DayPickerRangeProps)'.
  Property 'as' does not exist on type 'IntrinsicAttributes & (DayPickerDefaultProps | DayPickerSingleProps | DayPickerMultipleProps | DayPickerRangeProps)'.
src/pages/employee/EmployeeFollowups.tsx(52,7): error TS2339: Property 'mobile_number' does not exist on type 'Lead'.
src/pages/employee/EmployeeFollowups.tsx(115,62): error TS2339: Property 'mobile_number' does not exist on type 'Lead'.
src/pages/employee/EmployeeFollowups.tsx(118,63): error TS2339: Property 'location' does not exist on type 'Lead'.
src/pages/employee/EmployeeFollowups.tsx(132,30): error TS2339: Property 'comments' does not exist on type 'Lead'.
src/pages/employee/EmployeeLeave.tsx(40,29): error TS2322: Type '{ onSubmitted: () => Promise<void>; }' is not assignable to type 'IntrinsicAttributes'.
  Property 'onSubmitted' does not exist on type 'IntrinsicAttributes'.
src/pages/employee/EmployeeLeave.tsx(41,30): error TS2322: Type '{ leaves: any[]; isLoading: boolean; }' is not assignable to type 'IntrinsicAttributes'.
  Property 'leaves' does not exist on type 'IntrinsicAttributes'.
src/pages/employee/EmployeeTasks.tsx(102,30): error TS2304: Cannot find name 'Calendar'.
